[html.merku.love/shelly/index.html]
[backblue.gif]
[fade.gif]
[index.html]
[html.merku.love/shelly/assets/img/favicon.png]
[html.merku.love/shelly/assets/css/button.min.css]
[html.merku.love/shelly/index-2.html]
[html.merku.love/shelly/assets/css/main.min.css]
[html.merku.love/shelly/assets/img/logo.png]
[html.merku.love/shelly/assets/img/icon1.png]
[html.merku.love/shelly/assets/img/icon2.png]
[html.merku.love/shelly/assets/img/icon3.png]
[html.merku.love/shelly/about.html]
[html.merku.love/shelly/events.html]
[html.merku.love/shelly/event-single.html]
[html.merku.love/shelly/schedule.html]
[html.merku.love/shelly/error.html]
[html.merku.love/shelly/classes.html]
[html.merku.love/shelly/class-single.html]
[html.merku.love/shelly/teachers.html]
[html.merku.love/shelly/teacher-single.html]
[html.merku.love/shelly/blog.html]
[html.merku.love/shelly/post.html]
[html.merku.love/shelly/contacts.html]
[html.merku.love/shelly/assets/img/banner-img.png]
[html.merku.love/shelly/assets/img/icon5.png]
[html.merku.love/shelly/assets/img/icon7.png]
[html.merku.love/shelly/assets/img/icon8.png]
[html.merku.love/shelly/assets/img/icon9.png]
[html.merku.love/shelly/assets/img/gallery1.jpg]
[html.merku.love/shelly/assets/img/gallery2.jpg]
[html.merku.love/shelly/assets/img/gallery4.jpg]
[html.merku.love/shelly/assets/img/gallery6.jpg]
[html.merku.love/shelly/assets/img/gallery8.jpg]
[html.merku.love/shelly/assets/img/gallery7.jpg]
[html.merku.love/shelly/assets/img/gallery9.jpg]
[html.merku.love/shelly/assets/img/gallery10.jpg]
[html.merku.love/shelly/assets/img/gallery3.jpg]
[html.merku.love/shelly/assets/img/gallery5.jpg]
[html.merku.love/shelly/assets/img/img1.jpg]
[html.merku.love/shelly/assets/img/icon10.png]
[html.merku.love/shelly/assets/img/ico.png]
[html.merku.love/shelly/assets/img/img2.jpg]
[html.merku.love/shelly/assets/img/img3.jpg]
[html.merku.love/shelly/assets/img/img4.jpg]
[html.merku.love/shelly/assets/img/img5.jpg]
[html.merku.love/shelly/assets/img/plus.png]
[html.merku.love/shelly/assets/img/img6.jpg]
[html.merku.love/shelly/assets/img/img7.jpg]
[html.merku.love/shelly/assets/img/img8.jpg]
[html.merku.love/shelly/assets/img/icon11.png]
[html.merku.love/shelly/assets/img/course-img.png]
[html.merku.love/shelly/assets/img/icon12.png]
[html.merku.love/shelly/assets/img/ico2.png]
[html.merku.love/shelly/assets/img/loct.png]
[html.merku.love/shelly/assets/img/blog1.jpg]
[html.merku.love/shelly/assets/img/icon13.png]
[html.merku.love/shelly/assets/img/blog2.jpg]
[html.merku.love/shelly/assets/img/blog3.jpg]
[html.merku.love/shelly/assets/js/bundle.min.js]
[html.merku.love/shelly/index.html]
[html.merku.love/shelly/assets/js/button.min.js]
[html.merku.love/shelly/assets/webfonts/fa-regular-400.eot]
[html.merku.love/shelly/assets/webfonts/fa-regular-400d41d.eot]
[html.merku.love/shelly/assets/webfonts/fa-regular-400.woff2]
[html.merku.love/shelly/assets/webfonts/fa-regular-400.woff]
[html.merku.love/shelly/assets/webfonts/fa-regular-400.ttf]
[html.merku.love/shelly/assets/webfonts/fa-regular-400.svg]
[html.merku.love/shelly/assets/webfonts/fa-solid-900.eot]
[html.merku.love/shelly/assets/webfonts/fa-solid-900d41d.eot]
[html.merku.love/shelly/assets/webfonts/fa-solid-900.woff2]
[html.merku.love/shelly/assets/webfonts/fa-solid-900.woff]
[html.merku.love/shelly/assets/webfonts/fa-solid-900.ttf]
[html.merku.love/shelly/assets/webfonts/fa-solid-900.svg]
[html.merku.love/shelly/assets/webfonts/fa-brands-400.eot]
[html.merku.love/shelly/assets/webfonts/fa-brands-400d41d.eot]
[html.merku.love/shelly/assets/webfonts/fa-brands-400.woff2]
[html.merku.love/shelly/assets/webfonts/fa-brands-400.woff]
[html.merku.love/shelly/assets/webfonts/fa-brands-400.ttf]
[html.merku.love/shelly/assets/webfonts/fa-brands-400.svg]
[html.merku.love/shelly/assets/img/banner-bg.png]
[html.merku.love/shelly/assets/img/elements.png]
[html.merku.love/shelly/assets/img/circle1.png]
[html.merku.love/shelly/assets/img/circle.png]
[html.merku.love/shelly/assets/img/abt-bg.png]
[html.merku.love/shelly/assets/img/sec-bg.png]
[html.merku.love/shelly/assets/img/abt-element.png]
[html.merku.love/shelly/assets/img/shape3.png]
[html.merku.love/shelly/assets/img/news-bg.png]
[html.merku.love/shelly/assets/img/circle5.png]
[html.merku.love/shelly/assets/img/pager-bg.png]
[html.merku.love/shelly/assets/img/blogger.jpg]
[html.merku.love/shelly/assets/img/icon14.png]
[html.merku.love/shelly/assets/img/classes-banner.jpg]
[html.merku.love/shelly/assets/img/element-bg.png]
[html.merku.love/shelly/assets/img/quote.png]
[html.merku.love/shelly/assets/img/icon18.png]
[html.merku.love/shelly/assets/img/element-bg2.png]
[html.merku.love/shelly/assets/img/link.png]
[html.merku.love/shelly/assets/img/left.png]
[html.merku.love/shelly/assets/img/right.png]
[html.merku.love/shelly/assets/img/arrow-left.png]
[html.merku.love/shelly/assets/img/arrow-left2.png]
[html.merku.love/shelly/assets/img/arrow-right.png]
[html.merku.love/shelly/assets/img/arrow-right2.png]
[html.merku.love/shelly/assets/img/error-bg.png]
[html.merku.love/shelly/assets/img/circle3.png]
[html.merku.love/shelly/assets/img/circle4.png]
[html.merku.love/shelly/assets/css/main.min.css]
[html.merku.love/shelly/assets/css/button.min.css]
[html.merku.love/shelly/index-2.html]
[html.merku.love/shelly/assets/img/abt1.png]
[html.merku.love/shelly/assets/img/abt2.png]
[html.merku.love/shelly/about.html]
[html.merku.love/shelly/events.html]
[html.merku.love/shelly/assets/img/event-gallery1.jpg]
[html.merku.love/shelly/assets/img/event-gal2.jpg]
[html.merku.love/shelly/assets/img/event-gallery2.jpg]
[html.merku.love/shelly/assets/img/event-gal3.jpg]
[html.merku.love/shelly/assets/img/event-gallery3.jpg]
[html.merku.love/shelly/assets/img/event-gal4.jpg]
[html.merku.love/shelly/assets/img/event-gallery4.jpg]
[html.merku.love/shelly/assets/img/event-gal5.jpg]
[html.merku.love/shelly/assets/img/event-gallery5.jpg]
[html.merku.love/shelly/assets/img/cir3.png]
[html.merku.love/shelly/assets/img/cir4.png]
[html.merku.love/shelly/assets/img/thumb1.png]
[html.merku.love/shelly/assets/img/icon15.png]
[html.merku.love/shelly/assets/img/icon16.png]
[html.merku.love/shelly/assets/img/icon17.png]
[html.merku.love/shelly/event-single.html]
[html.merku.love/shelly/schedule.html]
[html.merku.love/shelly/error.html]
[html.merku.love/shelly/assets/img/class1.jpg]
[html.merku.love/shelly/assets/img/class2.jpg]
[html.merku.love/shelly/assets/img/class3.jpg]
[html.merku.love/shelly/assets/img/class4.jpg]
[html.merku.love/shelly/assets/img/class5.jpg]
[html.merku.love/shelly/assets/img/class6.jpg]
[html.merku.love/shelly/assets/img/class7.jpg]
[html.merku.love/shelly/assets/img/class8.jpg]
[html.merku.love/shelly/classes.html]
[html.merku.love/shelly/assets/img/class-single-banner.jpg]
[html.merku.love/shelly/assets/img/class-gallery1.jpg]
[html.merku.love/shelly/assets/img/class-gal2.jpg]
[html.merku.love/shelly/assets/img/class-gallery2.jpg]
[html.merku.love/shelly/assets/img/class-gal3.jpg]
[html.merku.love/shelly/assets/img/class-gallery3.jpg]
[html.merku.love/shelly/assets/img/class-gal4.jpg]
[html.merku.love/shelly/assets/img/class-gallery4.jpg]
[html.merku.love/shelly/assets/img/class-gal5.jpg]
[html.merku.love/shelly/assets/img/class-gallery5.jpg]
[html.merku.love/shelly/assets/img/ci1.png]
[html.merku.love/shelly/class-single.html]
[html.merku.love/shelly/assets/img/teacher5.jpg]
[html.merku.love/shelly/assets/img/teacher6.jpg]
[html.merku.love/shelly/assets/img/teacher7.jpg]
[html.merku.love/shelly/assets/img/teacher8.jpg]
[html.merku.love/shelly/teachers.html]
[html.merku.love/shelly/assets/img/tech1.jpg]
[html.merku.love/shelly/assets/img/ro1.png]
[html.merku.love/shelly/assets/img/ro2.png]
[html.merku.love/shelly/assets/img/ro3.png]
[html.merku.love/shelly/teacher-single.html]
[html.merku.love/shelly/assets/img/blog-large1.jpg]
[html.merku.love/shelly/assets/img/blog-large2.jpg]
[html.merku.love/shelly/assets/img/blog-large8.jpg]
[html.merku.love/shelly/assets/img/blog-large6.jpg]
[html.merku.love/shelly/assets/img/blog-large5.jpg]
[html.merku.love/shelly/assets/img/blog-large4.jpg]
[html.merku.love/shelly/assets/img/play.png]
[html.merku.love/shelly/assets/img/icon4.png]
[html.merku.love/shelly/assets/img/post1.png]
[html.merku.love/shelly/assets/img/post2.png]
[html.merku.love/shelly/assets/img/post3.png]
[html.merku.love/shelly/blog.html]
[html.merku.love/shelly/assets/img/comm1.png]
[html.merku.love/shelly/post.html]
[html.merku.love/shelly/contacts.html]
[html.merku.love/shelly/assets/webfonts/fa-regular-400.svg]
[html.merku.love/shelly/assets/webfonts/fa-solid-900.svg]
[html.merku.love/shelly/assets/webfonts/fa-brands-400.svg]
